###############################################################################
#
# IAR ELF Linker V8.11.3.13950/W32 for ARM                09/Mar/2021  17:40:32
# Copyright 2007-2017 IAR Systems AB.
#
#    Output file  =  D:\EE475\stm32F4\Blink_LED\Debug\Exe\IFP.out
#    Map file     =  D:\EE475\stm32F4\Blink_LED\Debug\List\IFP.map
#    Command line =  
#        -f C:\Users\asus\AppData\Local\Temp\EW39AF.tmp
#        (D:\EE475\stm32F4\Blink_LED\Debug\Obj\hmc5883l.o
#        D:\EE475\stm32F4\Blink_LED\Debug\Obj\L298N.o
#        D:\EE475\stm32F4\Blink_LED\Debug\Obj\main.o
#        D:\EE475\stm32F4\Blink_LED\Debug\Obj\misc.o
#        D:\EE475\stm32F4\Blink_LED\Debug\Obj\startup_stm32f4xx.o
#        D:\EE475\stm32F4\Blink_LED\Debug\Obj\stm32f4_discovery.o
#        D:\EE475\stm32F4\Blink_LED\Debug\Obj\stm32f4xx_exti.o
#        D:\EE475\stm32F4\Blink_LED\Debug\Obj\stm32f4xx_gpio.o
#        D:\EE475\stm32F4\Blink_LED\Debug\Obj\stm32f4xx_i2c.o
#        D:\EE475\stm32F4\Blink_LED\Debug\Obj\stm32f4xx_it.o
#        D:\EE475\stm32F4\Blink_LED\Debug\Obj\stm32f4xx_rcc.o
#        D:\EE475\stm32F4\Blink_LED\Debug\Obj\stm32f4xx_syscfg.o
#        D:\EE475\stm32F4\Blink_LED\Debug\Obj\system_stm32f4xx.o
#        D:\EE475\stm32F4\Blink_LED\Debug\Obj\tm_stm32f4_gpio.o
#        D:\EE475\stm32F4\Blink_LED\Debug\Obj\tm_stm32f4_i2c.o -o
#        D:\EE475\stm32F4\Blink_LED\Debug\Exe\IFP.out --redirect
#        _Printf=_PrintfFullNoMb --redirect _Scanf=_ScanfFullNoMb --map
#        D:\EE475\stm32F4\Blink_LED\Debug\List\IFP.map --config
#        D:\EE475\stm32F4\Blink_LED\First_Project.icf --semihosting --entry
#        __iar_program_start --vfe --text_out locale)
#
###############################################################################

*******************************************************************************
*** RUNTIME MODEL ATTRIBUTES
***

CppFlavor       = *
__SystemLibrary = DLib
__dlib_version  = 6


*******************************************************************************
*** HEAP SELECTION
***

The basic heap was selected because some modules are built with
size limitations (and not runtime checking), and --advanced_heap
was not specified.


*******************************************************************************
*** PLACEMENT SUMMARY
***

"A0":  place at 0x08000000 { ro section .intvec };
"P1":  place in [from 0x08000000 to 0x080fffff] { ro };
define block CSTACK with size = 8K, alignment = 8 { };
"P3":  place in [from 0x10000000 to 0x1000ffff] {
          block CSTACK, section .ccram };

  Section   Kind        Address    Size  Object
  -------   ----        -------    ----  ------
"A0":                             0x188
  .intvec   ro code  0x08000000   0x188  startup_stm32f4xx.o [1]
                   - 0x08000188   0x188

"P1":                             0x910
  .text     ro code  0x08000188   0x398  main.o [1]
  .text     ro code  0x08000520    0x48  stm32f4xx_rcc.o [1]
  .text     ro code  0x08000568    0xc0  stm32f4xx_gpio.o [1]
  .text     ro code  0x08000628    0xc8  L298N.o [1]
  .text     ro code  0x080006f0   0x154  system_stm32f4xx.o [1]
  .text     ro code  0x08000844    0x32  stm32f4xx_it.o [1]
  .text     ro code  0x08000878    0x30  stm32f4xx_exti.o [1]
  .text     ro code  0x080008a8    0x22  fpinit_M.o [4]
  .text     ro code  0x080008cc    0x1a  cmain.o [5]
  .text     ro code  0x080008e6     0x4  low_level_init.o [3]
  .text     ro code  0x080008ea     0x4  exit.o [3]
  .text     ro code  0x080008f0     0xa  cexit.o [5]
  .text     ro code  0x080008fc    0x14  exit.o [6]
  .text     ro code  0x08000910    0x10  startup_stm32f4xx.o [1]
  .text     ro code  0x08000920     0xc  cstartup_M.o [5]
  .text     ro code  0x0800092c     0x4  startup_stm32f4xx.o [1]
  .text     ro code  0x08000930     0x4  startup_stm32f4xx.o [1]
  .text     ro code  0x08000934     0x4  startup_stm32f4xx.o [1]
  .text     ro code  0x08000938     0x4  startup_stm32f4xx.o [1]
  .text     ro code  0x0800093c     0x4  startup_stm32f4xx.o [1]
  .text     ro code  0x08000940     0x4  startup_stm32f4xx.o [1]
  .text     ro code  0x08000944     0x4  startup_stm32f4xx.o [1]
  .text     ro code  0x08000948     0x4  startup_stm32f4xx.o [1]
  .text     ro code  0x0800094c     0x4  startup_stm32f4xx.o [1]
  .text     ro code  0x08000950     0x4  startup_stm32f4xx.o [1]
  .text     ro code  0x08000954     0x4  startup_stm32f4xx.o [1]
  .text     ro code  0x08000958     0x4  startup_stm32f4xx.o [1]
  .text     ro code  0x0800095c     0x4  startup_stm32f4xx.o [1]
  .text     ro code  0x08000960     0x4  startup_stm32f4xx.o [1]
  .text     ro code  0x08000964     0x4  startup_stm32f4xx.o [1]
  .text     ro code  0x08000968     0x4  startup_stm32f4xx.o [1]
  .text     ro code  0x0800096c     0x4  startup_stm32f4xx.o [1]
  .text     ro code  0x08000970     0x4  startup_stm32f4xx.o [1]
  .text     ro code  0x08000974     0x4  startup_stm32f4xx.o [1]
  .text     ro code  0x08000978     0x4  startup_stm32f4xx.o [1]
  .text     ro code  0x0800097c     0x4  startup_stm32f4xx.o [1]
  .text     ro code  0x08000980     0x4  startup_stm32f4xx.o [1]
  .text     ro code  0x08000984     0x4  startup_stm32f4xx.o [1]
  .text     ro code  0x08000988     0x4  startup_stm32f4xx.o [1]
  .text     ro code  0x0800098c     0x4  startup_stm32f4xx.o [1]
  .text     ro code  0x08000990     0x4  startup_stm32f4xx.o [1]
  .text     ro code  0x08000994     0x4  startup_stm32f4xx.o [1]
  .text     ro code  0x08000998     0x4  startup_stm32f4xx.o [1]
  .text     ro code  0x0800099c     0x4  startup_stm32f4xx.o [1]
  .text     ro code  0x080009a0     0x4  startup_stm32f4xx.o [1]
  .text     ro code  0x080009a4     0x4  startup_stm32f4xx.o [1]
  .text     ro code  0x080009a8     0x4  startup_stm32f4xx.o [1]
  .text     ro code  0x080009ac     0x4  startup_stm32f4xx.o [1]
  .text     ro code  0x080009b0     0x4  startup_stm32f4xx.o [1]
  .text     ro code  0x080009b4     0x4  startup_stm32f4xx.o [1]
  .text     ro code  0x080009b8     0x4  startup_stm32f4xx.o [1]
  .text     ro code  0x080009bc     0x4  startup_stm32f4xx.o [1]
  .text     ro code  0x080009c0     0x4  startup_stm32f4xx.o [1]
  .text     ro code  0x080009c4     0x4  startup_stm32f4xx.o [1]
  .text     ro code  0x080009c8     0x4  startup_stm32f4xx.o [1]
  .text     ro code  0x080009cc     0x4  startup_stm32f4xx.o [1]
  .text     ro code  0x080009d0     0x4  startup_stm32f4xx.o [1]
  .text     ro code  0x080009d4     0x4  startup_stm32f4xx.o [1]
  .text     ro code  0x080009d8     0x4  startup_stm32f4xx.o [1]
  .text     ro code  0x080009dc     0x4  startup_stm32f4xx.o [1]
  .text     ro code  0x080009e0     0x4  startup_stm32f4xx.o [1]
  .text     ro code  0x080009e4     0x4  startup_stm32f4xx.o [1]
  .text     ro code  0x080009e8     0x4  startup_stm32f4xx.o [1]
  .text     ro code  0x080009ec     0x4  startup_stm32f4xx.o [1]
  .text     ro code  0x080009f0     0x4  startup_stm32f4xx.o [1]
  .text     ro code  0x080009f4     0x4  startup_stm32f4xx.o [1]
  .text     ro code  0x080009f8     0x4  startup_stm32f4xx.o [1]
  .text     ro code  0x080009fc     0x4  startup_stm32f4xx.o [1]
  .text     ro code  0x08000a00     0x4  startup_stm32f4xx.o [1]
  .text     ro code  0x08000a04     0x4  startup_stm32f4xx.o [1]
  .text     ro code  0x08000a08     0x4  startup_stm32f4xx.o [1]
  .text     ro code  0x08000a0c     0x4  startup_stm32f4xx.o [1]
  .text     ro code  0x08000a10     0x4  startup_stm32f4xx.o [1]
  .text     ro code  0x08000a14     0x4  startup_stm32f4xx.o [1]
  .text     ro code  0x08000a18     0x4  startup_stm32f4xx.o [1]
  .text     ro code  0x08000a1c     0x4  startup_stm32f4xx.o [1]
  .text     ro code  0x08000a20     0x4  startup_stm32f4xx.o [1]
  .text     ro code  0x08000a24     0x4  startup_stm32f4xx.o [1]
  .text     ro code  0x08000a28     0x4  startup_stm32f4xx.o [1]
  .text     ro code  0x08000a2c     0x4  startup_stm32f4xx.o [1]
  .text     ro code  0x08000a30     0x4  startup_stm32f4xx.o [1]
  .text     ro code  0x08000a34     0x4  startup_stm32f4xx.o [1]
  .text     ro code  0x08000a38     0x4  startup_stm32f4xx.o [1]
  .text     ro code  0x08000a3c     0x4  startup_stm32f4xx.o [1]
  .text     ro code  0x08000a40     0x4  startup_stm32f4xx.o [1]
  .text     ro code  0x08000a44     0x4  startup_stm32f4xx.o [1]
  .text     ro code  0x08000a48     0x4  startup_stm32f4xx.o [1]
  .text     ro code  0x08000a4c     0x4  startup_stm32f4xx.o [1]
  .text     ro code  0x08000a50     0x4  startup_stm32f4xx.o [1]
  .text     ro code  0x08000a54     0x4  startup_stm32f4xx.o [1]
  .text     ro code  0x08000a58     0x4  startup_stm32f4xx.o [1]
  .text     ro code  0x08000a5c     0x4  startup_stm32f4xx.o [1]
  .text     ro code  0x08000a60     0x4  startup_stm32f4xx.o [1]
  .text     ro code  0x08000a64     0x4  startup_stm32f4xx.o [1]
  .text     ro code  0x08000a68     0x4  startup_stm32f4xx.o [1]
  .text     ro code  0x08000a6c     0x4  startup_stm32f4xx.o [1]
  .text     ro code  0x08000a70     0x4  startup_stm32f4xx.o [1]
  .text     ro code  0x08000a74     0x4  startup_stm32f4xx.o [1]
  .text     ro code  0x08000a78     0x4  startup_stm32f4xx.o [1]
  .text     ro code  0x08000a7c     0x4  startup_stm32f4xx.o [1]
  .text     ro code  0x08000a80     0x4  startup_stm32f4xx.o [1]
  .text     ro code  0x08000a84     0x4  startup_stm32f4xx.o [1]
  .text     ro code  0x08000a88     0x4  startup_stm32f4xx.o [1]
  .text     ro code  0x08000a8c     0x4  startup_stm32f4xx.o [1]
  .text     ro code  0x08000a90     0x4  startup_stm32f4xx.o [1]
  .text     ro code  0x08000a94     0x4  startup_stm32f4xx.o [1]
                   - 0x08000a98   0x910

"P3":                            0x2000
  CSTACK             0x10000000  0x2000  <Block>
    CSTACK  uninit   0x10000000  0x2000  <Block tail>
                   - 0x10002000  0x2000



*******************************************************************************
*** MODULE SUMMARY
***

    Module               ro code  rw data
    ------               -------  -------
D:\EE475\stm32F4\Blink_LED\Debug\Obj: [1]
    L298N.o                  200
    main.o                   920
    startup_stm32f4xx.o      772
    stm32f4xx_exti.o          48
    stm32f4xx_gpio.o         192
    stm32f4xx_it.o            50
    stm32f4xx_rcc.o           72
    system_stm32f4xx.o       340
    -------------------------------------
    Total:                 2 594

command line: [2]
    -------------------------------------
    Total:

dl7M_tln.a: [3]
    exit.o                     4
    low_level_init.o           4
    -------------------------------------
    Total:                     8

m7M_tls.a: [4]
    fpinit_M.o                34
    -------------------------------------
    Total:                    34

rt7M_tl.a: [5]
    cexit.o                   10
    cmain.o                   26
    cstartup_M.o              12
    -------------------------------------
    Total:                    48

shb_l.a: [6]
    exit.o                    20
    -------------------------------------
    Total:                    20

    Gaps                       8
    Linker created                  8 192
-----------------------------------------
    Grand Total:           2 712    8 192


*******************************************************************************
*** ENTRY LIST
***

Entry                      Address   Size  Type      Object
-----                      -------   ----  ----      ------
?main                   0x080008cd         Code  Gb  cmain.o [5]
BusFault_Handler        0x0800084b    0x2  Code  Gb  stm32f4xx_it.o [1]
CSTACK$$Base            0x10000000          --   Gb  - Linker created -
CSTACK$$Limit           0x10002000          --   Gb  - Linker created -
Configure_PA1           0x08000271   0x32  Code  Gb  main.o [1]
Configure_PA2           0x080002a3   0x32  Code  Gb  main.o [1]
Configure_PA3           0x080002d5   0x32  Code  Gb  main.o [1]
Configure_PD15          0x0800023d   0x34  Code  Gb  main.o [1]
Configure_PE4           0x08000189   0x3c  Code  Gb  main.o [1]
Configure_PE5           0x080001c5   0x3c  Code  Gb  main.o [1]
Configure_PE6           0x08000201   0x3c  Code  Gb  main.o [1]
DebugMon_Handler        0x08000851    0x2  Code  Gb  stm32f4xx_it.o [1]
EXTI4_IRQHandler        0x08000857   0x18  Code  Gb  stm32f4xx_it.o [1]
EXTI_ClearITPendingBit  0x08000899    0x6  Code  Gb  stm32f4xx_exti.o [1]
EXTI_GetITStatus        0x08000879   0x20  Code  Gb  stm32f4xx_exti.o [1]
GPIO_Init               0x08000569   0xa4  Code  Gb  stm32f4xx_gpio.o [1]
GPIO_ReadInputDataBit   0x0800060d   0x14  Code  Gb  stm32f4xx_gpio.o [1]
GPIO_ResetBits          0x08000625    0x4  Code  Gb  stm32f4xx_gpio.o [1]
GPIO_SetBits            0x08000621    0x4  Code  Gb  stm32f4xx_gpio.o [1]
HardFault_Handler       0x08000847    0x2  Code  Gb  stm32f4xx_it.o [1]
MemManage_Handler       0x08000849    0x2  Code  Gb  stm32f4xx_it.o [1]
Motor_12_Config         0x08000629   0x32  Code  Gb  L298N.o [1]
Motor_1_CW              0x08000673   0x18  Code  Gb  L298N.o [1]
Motor_1_STOP            0x0800065b   0x18  Code  Gb  L298N.o [1]
Motor_2_CW              0x080006a3   0x18  Code  Gb  L298N.o [1]
Motor_2_STOP            0x0800068b   0x18  Code  Gb  L298N.o [1]
NMI_Handler             0x08000845    0x2  Code  Gb  stm32f4xx_it.o [1]
PendSV_Handler          0x08000853    0x2  Code  Gb  stm32f4xx_it.o [1]
RCC_AHB1PeriphClockCmd  0x08000521   0x20  Code  Gb  stm32f4xx_rcc.o [1]
RCC_APB2PeriphClockCmd  0x08000541   0x20  Code  Gb  stm32f4xx_rcc.o [1]
Region$$Table$$Base     0x00000000          --   Gb  - Linker created -
Region$$Table$$Limit    0x00000000          --   Gb  - Linker created -
SVC_Handler             0x0800084f    0x2  Code  Gb  stm32f4xx_it.o [1]
SetSysClock             0x08000743   0xce  Code  Lc  system_stm32f4xx.o [1]
SysTick_Handler         0x08000855    0x2  Code  Gb  stm32f4xx_it.o [1]
SystemInit              0x080006f1   0x52  Code  Gb  system_stm32f4xx.o [1]
TIM1_CC_IRQHandler      0x08000875    0x2  Code  Gb  stm32f4xx_it.o [1]
TIM2_IRQHandler         0x0800086f    0x2  Code  Gb  stm32f4xx_it.o [1]
TIM3_IRQHandler         0x08000871    0x2  Code  Gb  stm32f4xx_it.o [1]
TIM4_IRQHandler         0x08000873    0x2  Code  Gb  stm32f4xx_it.o [1]
UsageFault_Handler      0x0800084d    0x2  Code  Gb  stm32f4xx_it.o [1]
__cmain                 0x080008cd         Code  Gb  cmain.o [5]
__exit                  0x080008fd   0x14  Code  Gb  exit.o [6]
__iar_init_vfp          0x080008a9         Code  Gb  fpinit_M.o [4]
__iar_program_start     0x08000921         Code  Gb  cstartup_M.o [5]
__iar_systems$$module {Abs}
                        0x00000001         Data  Gb  command line/config [2]
__low_level_init        0x080008e7    0x4  Code  Gb  low_level_init.o [3]
__vector_table          0x08000000         Data  Gb  startup_stm32f4xx.o [1]
_call_main              0x080008d9         Code  Gb  cmain.o [5]
_exit                   0x080008f1         Code  Gb  cexit.o [5]
_main                   0x080008e3         Code  Gb  cmain.o [5]
basic_control           0x0800031f  0x1c4  Code  Gb  main.o [1]
delay_us                0x08000307   0x18  Code  Gb  main.o [1]
exit                    0x080008eb    0x4  Code  Gb  exit.o [3]
forward                 0x080006c1    0xc  Code  Gb  L298N.o [1]
init                    0x080004f1   0x24  Code  Gb  main.o [1]
main                    0x08000515    0xc  Code  Gb  main.o [1]
stop                    0x080006e5    0xc  Code  Gb  L298N.o [1]
turn_left               0x080006cd    0xc  Code  Gb  L298N.o [1]
turn_right              0x080006d9    0xc  Code  Gb  L298N.o [1]


[1] = D:\EE475\stm32F4\Blink_LED\Debug\Obj
[2] = command line
[3] = dl7M_tln.a
[4] = m7M_tls.a
[5] = rt7M_tl.a
[6] = shb_l.a

  2 712 bytes of readonly  code memory
  8 192 bytes of readwrite data memory

Errors: none
Warnings: none
